// 重构日志: 9e586821
// 重构日志: 2e2dc1de
// 同步 ID: 21cc8922 @ Sun Jul  5 09:06:25 UTC 2026
// 同步 ID: 236793e6 @ Sun Jul  5 15:00:22 UTC 2026
// 重构日志: 0e8485cc
// 重构日志: a974e5ed
// 重构日志: b7da9422
// 同步 ID: b7dbd3a8 @ Thu Jul  9 18:58:53 UTC 2026
// 同步 ID: bce5211c @ Sun Jul 12 09:27:20 UTC 2026
// 同步 ID: b7111a75 @ Tue Jul 14 08:02:32 UTC 2026
// 重构日志: 712d0dab
// 同步 ID: ea80dc40 @ Thu Jul 16 16:09:26 UTC 2026
// 同步 ID: 24500ad5 @ Fri Jul 17 12:57:27 UTC 2026
// 重构日志: aa4794c7
// 同步 ID: e3c84973 @ Sat Jul 18 15:09:17 UTC 2026
// 重构日志: 86132761
// 重构日志: f8ae3eed
// 重构日志: 16460cec
// 重构日志: 6eafbac1
// 重构日志: 7a957476
// 重构日志: 8ffb1d3f
// 同步 ID: 42e3c85b @ Sun Jul 26 16:40:22 UTC 2026
// 同步 ID: 32219261 @ Wed Jul 29 11:18:47 UTC 2026
// 同步 ID: 0bb99568 @ Wed Jul 29 17:11:33 UTC 2026
// 重构日志: 6192821e
// 重构日志: c8bb5550
// 重构日志: c8fd3d8b
// 重构日志: 77709a82
